0000:                         ;NAM    TB01V137
0000:                 *       WRITTEN 20-OCT-77 BY JOHN BYRNS
0000:                 *       REVISED 30-DEC-77
0000:                 *       REVISED 18-JAN-78
0000:                 *       REVISED 10-APR-78
0000:                 *       REVISED 08-MAY-79 TO ELIMINATE USE OF SP
0000:                 *       REVISED 24-JAN-80 TO USE 6801 ON CHIP RAM
0000:                 *       REVISED 26-JAN-80 FOR NEW 6801 INSTRUCTIONS
0000:                 *       REVISED 24-JUL-81 FOR WHISTON BOARD
0000:                 *       REVISED 24-SEP-81 INCLUDE USER FUNCTION
0000:                 *       REVISED 08-APR-82 MAKE STANDALONE INCLUDE HEX CONSTANTS AND MEM FUNCTION
0000:                 *       REVISED 21-NOV-84 FOR 6809
0000:                 *       REVISED FEB 94 ADAPTED TO SIMULATOR AND BUGFIXES BY L.C. BENSCHOP.
0000:                 *
0000:                 EOL     EQU     $04
0000:                 ETX     EQU     $03
0000:                 SPACE   EQU     $20
0000:                 CR      EQU     $0D
0000:                 LF      EQU     $0A
0000:                 BS      EQU     $08
0000:                 CAN     EQU     $18
0000:                 BELL    EQU     $07
0000:                 FILL    EQU     $00
0000:                 DEL     EQU     $7F
0000:                 BSIZE   EQU     73
0000:                 STKCUS  EQU     48
0000:                 *
0000:                 ACIA    EQU     $E000
0000:                 RMCR    EQU     ACIA
0000:                 TRCS    EQU     ACIA
0000:                 RECEV   EQU     ACIA+1
0000:                 TRANS   EQU     ACIA+1
0000:                 CNTL1   EQU     $03
0000:                 CNTL2   EQU     $15
0000:                 RDRF    EQU     $01
0000:                 ORFE    EQU     $20
0000:                 TDRE    EQU     $02
0000:                 * EDIT THE FOLLOWING EQUATES TO REFLECT THE
0000:                 * DESIRED ROM AND RAM LAYOUT
0000:                 LORAM   EQU     $0080   ADDRESS OF DIRECT PAGE SCRATCH RAM
0000:                 BUFFER  EQU     $4000   ADDRESS OF MAIN RAM
0000:                 RAMSIZ  EQU     $2000   SIZE OF MAIN RAM
0000:                 ROMADR  EQU     $400    ADDRESS OF TINY BASIC ROM
0000:                 *
0000:                 RAMBEG  EQU     BUFFER+BSIZE
0000:                 RAMEND  EQU     BUFFER+RAMSIZ
0000:                 *
0000:                 RAMPAT  EQU     $AA0F
0000:                 ROMPAT  EQU     $F055
0000:                 *
0000:                         ORG     LORAM
0080:                 USRBAS  RMB     2
0082:                 USRTOP  RMB     2
0084:                 STKLIM  RMB     2
0086:                 STKTOP  RMB     2
0088:                 CURSOR  RMB     2
008A:                 SAVESP  RMB     2
008C:                 LINENB  RMB     2
008E:                 SCRTCH  RMB     2
0090:                 CHAR    RMB     2
0092:                 ZONE    RMB     1
0093:                 MODE    RMB     1
0094:                 RESRVD  RMB     1
0095:                 LOEND   EQU     *
0095:                 *
0095:                         ORG     ROMADR
0400: 7E040B          BASIC   JMP     SETUP
0403: 10DE86          WARMS   LDS     STKTOP
0406: BD0BDF                  JSR     INTEEE
0409: 2013                    BRA     WMS05
040B: 10CE5FCC        SETUP   LDS     #RAMEND-52
040F: 10DF86          SET03   STS     STKTOP
0412: BD0BDF                  JSR     INTEEE
0415: CC4049          CLEAR   LDD     #RAMBEG
0418: DD80                    STD     USRBAS
041A: DD82                    STD     USRTOP
041C: DD84            CLR02   STD     STKLIM
041E: BD0535          WMS05   JSR     CRLF
0421: 8E0479                  LDX     #VSTR
0424: BD052E                  JSR     PUTSTR
0427: 10DE86          CMDB    LDS     STKTOP
042A: 0F93                    CLR     MODE
042C: BD0535                  JSR     CRLF
042F: 9E80                    LDX     USRBAS
0431: 9F88                    STX     CURSOR
0433: 8E0000          CMDE    LDX     #0000
0436: 9F8C                    STX     LINENB
0438: 0D93                    TST     MODE
043A: 2605                    BNE     CMD01
043C: 863A                    LDA     #':
043E: BD0BA4                  JSR     PUTCHR
0441: BD0588          CMD01   JSR     GETLIN
0444: BD06E2                  JSR     TSTNBR
0447: 240E                    BCC     CMD02
0449: 292B                    BVS     CMD05
044B: BD0653                  JSR     SKIPSP
044E: 8104                    CMPA    #EOL
0450: 27E1                    BEQ     CMDE
0452: BD0605                  JSR     MSLINE
0455: 20D0                    BRA     CMDB
0457: 3410            CMD02   PSHS    X
0459: 9E82                    LDX     USRTOP
045B: 9C84                    CMPX    STKLIM
045D: 3510                    PULS    X
045F: 2703                    BEQ     CMD03
0461: 7E0555                  JMP     ERRORR
0464: C30000          CMD03   ADDD    #0
0467: 270D                    BEQ     CMD05
0469: 3406            CMD04   PSHS    D
046B: 83270F                  SUBD    #9999
046E: 3506                    PULS    D
0470: 2204                    BHI     CMD05
0472: 8D10                    BSR     EDITOR
0474: 20BD                    BRA     CMDE
0476: 7E054C          CMD05   JMP     ERRORS
0479: 54494E59205631  VSTR    FCC     /TINY V1.37/
0483: 04                      FCB     EOL
0484:                 ******************************
0484:                 ******************************
0484: 3406            EDITOR  PSHS    D
0486: BD0653                  JSR     SKIPSP
0489: 9F8E                    STX     SCRTCH
048B: A660                    LDA     0,S
048D: 9E88                    LDX     CURSOR
048F: 9C82                    CMPX    USRTOP
0491: 2705                    BEQ     ED00
0493: 10A300                  CMPD    0,X
0496: 2402                    BCC     ED01
0498: 9E80            ED00    LDX     USRBAS
049A: BD07BE          ED01    JSR     FNDLIN
049D: 9F88                    STX     CURSOR
049F: 2522                    BCS     ED04
04A1: 9F8A                    STX     SAVESP
04A3: 3002                    LEAX    2,X
04A5: A680            ED02    LDA     ,X+
04A7: 8104                    CMPA    #EOL
04A9: 26FA                    BNE     ED02
04AB: 9C82            ED03    CMPX    USRTOP
04AD: 270E                    BEQ     ED35
04AF: A680                    LDA     ,X+
04B1: 9F90                    STX     CHAR
04B3: 9E8A                    LDX     SAVESP
04B5: A780                    STA     ,X+
04B7: 9F8A                    STX     SAVESP
04B9: 9E90                    LDX     CHAR
04BB: 20EE                    BRA     ED03
04BD: 9E8A            ED35    LDX     SAVESP
04BF: 9F82                    STX     USRTOP
04C1: 9F84                    STX     STKLIM
04C3: 9E8E            ED04    LDX     SCRTCH
04C5: C6FF                    LDB     #-1
04C7: 5C              ED05    INCB
04C8: A680                    LDA     ,X+
04CA: 8104                    CMPA    #EOL
04CC: 26F9                    BNE     ED05
04CE: 5D                      TSTB
04CF: 2603                    BNE     ED55
04D1: 3262                    LEAS    2,S
04D3: 39                      RTS
04D4: 301F            ED55    LEAX    -1,X
04D6: CB04                    ADDB    #4
04D8: 301F            ED06    LEAX    -1,X
04DA: 5A                      DECB
04DB: A600                    LDA     0,X
04DD: 8120                    CMPA    #SPACE
04DF: 27F7                    BEQ     ED06
04E1: 8604                    LDA     #EOL
04E3: A701                    STA     1,X
04E5: 4F                      CLRA
04E6: 9E82                    LDX     USRTOP
04E8: 9F90                    STX     CHAR
04EA: D382                    ADDD    USRTOP
04EC: DD82                    STD     USRTOP
04EE: DD84                    STD     STKLIM
04F0: BD075A                  JSR     TSTSTK
04F3: 2407                    BCC     ED07
04F5: 9F82                    STX     USRTOP
04F7: 9F84                    STX     STKLIM
04F9: 7E0544                  JMP     ERRORF
04FC: 9E82            ED07    LDX     USRTOP
04FE: 9F8A            ED08    STX     SAVESP
0500: 9E90                    LDX     CHAR
0502: 9C88                    CMPX    CURSOR
0504: 270A                    BEQ     ED09
0506: A682                    LDA     ,-X
0508: 9F90                    STX     CHAR
050A: 9E8A                    LDX     SAVESP
050C: A782                    STA     ,-X
050E: 20EE                    BRA     ED08
0510: 3506            ED09    PULS    D
0512: 9E88                    LDX     CURSOR
0514: ED81                    STD     ,X++
0516: 9F90                    STX     CHAR
0518: 9E8E            ED10    LDX     SCRTCH
051A: A680                    LDA     ,X+
051C: 9F8E                    STX     SCRTCH
051E: 9E90                    LDX     CHAR
0520: A780                    STA     ,X+
0522: 9F90                    STX     CHAR
0524: 8104                    CMPA    #EOL
0526: 26F0                    BNE     ED10
0528: 39                      RTS
0529:                 ******************************
0529:                 ******************************
0529: BD0BA4          PUTS01  JSR     PUTCHR
052C: 3001                    LEAX    1,X
052E: A600            PUTSTR  LDA     0,X
0530: 8104                    CMPA    #EOL
0532: 26F5                    BNE     PUTS01
0534: 39                      RTS
0535:                 ******************************
0535:                 ******************************
0535: 8E053D          CRLF    LDX     #CRLFST
0538: 8DF4                    BSR     PUTSTR
053A: 0F92                    CLR     ZONE
053C: 39                      RTS
053D: 0D0A7F00000004  CRLFST  FCB     CR,LF,DEL,FILL,FILL,FILL,EOL
0544:                 ******************************
0544:                 ******************************
0544: 8D26            ERRORF  BSR     ER01
0546: 534F525259              FCC     /SORRY/
054B: 04                      FCB     EOL
054C: 8D1E            ERRORS  BSR     ER01
054E: 57484154203F            FCC     /WHAT ?/
0554: 04                      FCB     EOL
0555: 8D15            ERRORR  BSR     ER01
0557: 484F57203F              FCC     /HOW ?/
055C: 04                      FCB     EOL
055D: 8D0D            BREAK   BSR     ER01
055F: 425245414B              FCC     /BREAK/
0564: 04                      FCB     EOL
0565: 8D05            END     BSR     ER01
0567: 53544F50                FCC     /STOP/
056B: 04                      FCB     EOL
056C: 8DC7            ER01    BSR     CRLF
056E: 8607                    LDA     #BELL
0570: BD0BA4                  JSR     PUTCHR
0573: DC8C                    LDD     LINENB
0575: BD0A58                  JSR     PRNT4
0578: 8620                    LDA     #SPACE
057A: BD0BA4                  JSR     PUTCHR
057D: 3510                    PULS    X
057F: 8DAD                    BSR     PUTSTR
0581: 8DB2                    BSR     CRLF
0583: 7E0427                  JMP     CMDB
0586:                 ******************************
0586:                 ******************************
0586: 8DAD            GL00    BSR     CRLF
0588: 8E4000          GETLIN  LDX     #BUFFER
058B: BD0B9A          GL03    JSR     GETCHR
058E: 8120                    CMPA    #SPACE
0590: 2514                    BCS     GL05
0592: 817F                    CMPA    #$7F
0594: 27F5                    BEQ     GL03
0596: 8C4048                  CMPX    #BUFFER+BSIZE-1
0599: 2604                    BNE     GL04
059B: 8607                    LDA     #BELL
059D: 2002                    BRA     GL02
059F: A780            GL04    STA     ,X+
05A1: BD0BA4          GL02    JSR     PUTCHR
05A4: 20E5                    BRA     GL03
05A6: 8108            GL05    CMPA    #BS
05A8: 2724                    BEQ     GL07
05AA: 8118                    CMPA    #CAN
05AC: 27D8                    BEQ     GL00
05AE: 810A                    CMPA    #LF
05B0: 2731                    BEQ     GL09
05B2: 810D                    CMPA    #CR
05B4: 26D5                    BNE     GL03
05B6: 0D93                    TST     MODE
05B8: 2705                    BEQ     GL06
05BA: BD0BA4                  JSR     PUTCHR
05BD: 2007                    BRA     GL08
05BF: 3410            GL06    PSHS    X
05C1: BD0535                  JSR     CRLF
05C4: 3510                    PULS    X
05C6: 8604            GL08    LDA     #EOL
05C8: A700                    STA     0,X
05CA: 8E4000                  LDX     #BUFFER
05CD: 39                      RTS
05CE: 8C4000          GL07    CMPX    #BUFFER
05D1: 27B8                    BEQ     GL03
05D3: 301F                    LEAX    -1,X
05D5: 8608                    LDA     #BS
05D7: BD0BA4                  JSR     PUTCHR
05DA: 8620                    LDA     #SPACE
05DC: BD0BA4                  JSR     PUTCHR
05DF: 8608                    LDA     #BS
05E1: 20BE                    BRA     GL02
05E3: 1A01            GL09    ORCC    #$01
05E5: 0693                    ROR     MODE
05E7: 20B8                    BRA     GL02
05E9:                 ******************************
05E9:                 ******************************
05E9: 3001            REM00   LEAX    1,X
05EB: 8D66            REM     BSR     SKIPSP
05ED: 8104                    CMPA    #EOL
05EF: 26F8                    BNE     REM00
05F1: BD092B          ENDSMT  JSR     TSTEOL
05F4: 968C            ENDS02  LDA     LINENB
05F6: 9A8D                    ORA     LINENB+1
05F8: 2714                    BEQ     REM09
05FA: 9C82            REM05   CMPX    USRTOP
05FC: 2603                    BNE     NXTLIN
05FE: 7E0555                  JMP     ERRORR
0601: EC81            NXTLIN  LDD     ,X++
0603: DD8C                    STD     LINENB
0605: BD0B96          MSLINE  JSR     TSTBRK
0608: 8D08                    BSR     IFAN
060A: 2503                    BCS     IMPLET
060C: 3406                    PSHS    D
060E: 39              REM09   RTS
060F: 7E093C          IMPLET  JMP     LET
0612:                 ******************************
0612:                 ******************************
0612: 8D3F            IFAN    BSR     SKIPSP
0614: 9F88                    STX     CURSOR
0616: 8E0B31                  LDX     #VERBT
0619: A680            FAN00   LDA     ,X+
061B: 8104                    CMPA    #EOL
061D: 2605                    BNE     FAN04
061F: 9E88                    LDX     CURSOR
0621: 1A01                    ORCC    #$01
0623: 39                      RTS
0624: 9F90            FAN04   STX     CHAR
0626: 9E88                    LDX     CURSOR
0628: 9F8E                    STX     SCRTCH
062A: 9E8E            FAN05   LDX     SCRTCH
062C: A100                    CMPA    0,X
062E: 2615                    BNE     FAN07
0630: 3001                    LEAX    1,X
0632: 9F8E                    STX     SCRTCH
0634: 9E90                    LDX     CHAR
0636: A680                    LDA     ,X+
0638: 9F90                    STX     CHAR
063A: 8104                    CMPA    #EOL
063C: 26EC                    BNE     FAN05
063E: EC00                    LDD     0,X
0640: 9E8E                    LDX     SCRTCH
0642: 1CFE                    ANDCC   #$FE
0644: 39                      RTS
0645: 9E90            FAN07   LDX     CHAR
0647: A680            FAN08   LDA     ,X+
0649: 8104                    CMPA    #EOL
064B: 26FA                    BNE     FAN08
064D: 3002                    LEAX    2,X
064F: 20C8                    BRA     FAN00
0651:                 ******************************
0651:                 ******************************
0651: 3001            NXTNSP  LEAX    1,X
0653: A600            SKIPSP  LDA     0,X
0655: 8120                    CMPA    #SPACE
0657: 27F8                    BEQ     NXTNSP
0659: 39                      RTS
065A:                 ******************************
065A:                 ******************************
065A: 8D1A            TSTHEX  BSR     TSTDIG
065C: 2422                    BCC     TST05
065E: 8141                    CMPA    #'A
0660: 2511                    BCS     TST03
0662: 8146                    CMPA    #'F
0664: 220D                    BHI     TST03
0666: 8037                    SUBA    #'A-10
0668: 1CFE                    ANDCC   #$FE
066A: 39                      RTS
066B:                 ******************************
066B:                 ******************************
066B: 8141            TSTLTR  CMPA    #'A
066D: 2504                    BCS     TST03
066F: 815A                    CMPA    #'Z
0671: 230D                    BLS     TST05
0673: 1A01            TST03   ORCC    #$01
0675: 39                      RTS
0676:                 ******************************
0676:                 ******************************
0676: 8130            TSTDIG  CMPA    #'0
0678: 25F9                    BCS     TST03
067A: 8139                    CMPA    #'9
067C: 22F5                    BHI     TST03
067E: 8030                    SUBA    #'0
0680: 1CFE            TST05   ANDCC   #$FE
0682: 39                      RTS
0683:                 ******************************
0683:                 ******************************
0683: 8DCE            TSTVAR  BSR     SKIPSP
0685: 8DE4                    BSR     TSTLTR
0687: 2512                    BCS     TSTV03
0689: 1F89                    TFR     A,B
068B: A601                    LDA     1,X
068D: 8DDC                    BSR     TSTLTR
068F: 24E2                    BCC     TST03
0691: 3001                    LEAX    1,X
0693: C041                    SUBB    #'A
0695: 58                      ASLB
0696: 4F                      CLRA
0697: D386                    ADDD    STKTOP
0699: 1CFE            TSTV02  ANDCC   #$FE
069B: 39              TSTV03  RTS
069C:                 ******************************
069C:                 ******************************
069C: BD090A          USER    JSR     ARGONE
069F: 3406                    PSHS    D
06A1: BD0653                  JSR     SKIPSP
06A4: 812C                    CMPA    #',
06A6: 2709                    BEQ     USER03
06A8: 8129                    CMPA    #')
06AA: 1A01                    ORCC    #$01
06AC: 2715                    BEQ     USER05
06AE: 7E054C          USER02  JMP     ERRORS
06B1: 3001            USER03  LEAX    1,X
06B3: BD083D                  JSR     EXPR
06B6: 3402                    PSHS    A
06B8: BD0653                  JSR     SKIPSP
06BB: 8129                    CMPA    #')
06BD: 3502                    PULS    A
06BF: 26ED                    BNE     USER02
06C1: 1CFE                    ANDCC   #$FE
06C3: 3001            USER05  LEAX    1,X
06C5: 9F88                    STX     CURSOR
06C7: ADF1                    JSR     [,S++]
06C9: 9E88                    LDX     CURSOR
06CB: 1CFE                    ANDCC   #$FE
06CD: 39                      RTS
06CE:                 ******************************
06CE:                 ******************************
06CE: BD0653          TSTSNB  JSR     SKIPSP
06D1: 812D                    CMPA    #'-
06D3: 260D                    BNE     TSTNBR
06D5: 3001                    LEAX    1,X
06D7: 8D09                    BSR     TSTNBR
06D9: 2506                    BCS     TSN02
06DB: 40                      NEGA
06DC: 50                      NEGB
06DD: 8200                    SBCA    #0
06DF: 1CFC                    ANDCC   #$FC
06E1: 39              TSN02   RTS
06E2:                 ******************************
06E2:                 ******************************
06E2: BD0653          TSTNBR  JSR     SKIPSP
06E5: BD0676                  JSR     TSTDIG
06E8: 242F                    BCC     TSTN02
06EA: 8124                    CMPA    #'$
06EC: 1A01                    ORCC    #$01
06EE: 2660                    BNE     TSTN09
06F0: 3001            TSTN20  LEAX    1,X
06F2: 6FE2                    CLR     ,-S
06F4: 6FE2                    CLR     ,-S
06F6: A600            TSTN23  LDA     0,X
06F8: BD065A                  JSR     TSTHEX
06FB: 254F                    BCS     TSTN07
06FD: 3001                    LEAX    1,X
06FF: 3410                    PSHS    X
0701: 3402                    PSHS    A
0703: EC63                    LDD     3,S
0705: 85F0                    BITA    #$F0
0707: 264A                    BNE     TSTN11
0709: 58                      ASLB
070A: 49                      ROLA
070B: 58                      ASLB
070C: 49                      ROLA
070D: 58                      ASLB
070E: 49                      ROLA
070F: 58                      ASLB
0710: 49                      ROLA
0711: EBE0                    ADDB    ,S+
0713: ED62                    STD     2,S
0715: 3510                    PULS    X
0717: 20DD                    BRA     TSTN23
0719: 3001            TSTN02  LEAX    1,X
071B: 3402                    PSHS    A
071D: 6FE2                    CLR     ,-S
071F: A600            TSTN03  LDA     0,X
0721: BD0676                  JSR     TSTDIG
0724: 2526                    BCS     TSTN07
0726: 3001                    LEAX    1,X
0728: 3410                    PSHS    X
072A: 3402                    PSHS    A
072C: EC63                    LDD     3,S
072E: 58                      ASLB
072F: 49                      ROLA
0730: 2921                    BVS     TSTN11
0732: 58                      ASLB
0733: 49                      ROLA
0734: 291D                    BVS     TSTN11
0736: E363                    ADDD    3,S
0738: 2919                    BVS     TSTN11
073A: 58                      ASLB
073B: 49                      ROLA
073C: 2915                    BVS     TSTN11
073E: EB60                    ADDB    0,S
0740: 8900                    ADCA    #0
0742: 290F                    BVS     TSTN11
0744: ED63                    STD     3,S
0746: 3261                    LEAS    1,S
0748: 3510                    PULS    X
074A: 20D3                    BRA     TSTN03
074C: 3506            TSTN07  PULS    D
074E: 1CFE                    ANDCC   #$FE
0750: 1CFD            TSTN09  ANDCC   #$FD
0752: 39                      RTS
0753: AE61            TSTN11  LDX     1,S
0755: 3265                    LEAS    5,S
0757: 1A03                    ORCC    #$03
0759: 39                      RTS
075A:                 ******************************
075A:                 ******************************
075A: 10DF8A          TSTSTK  STS     SAVESP
075D: DC8A                    LDD     SAVESP
075F: 830030                  SUBD    #STKCUS
0762: 9384                    SUBD    STKLIM
0764: 39                      RTS
0765:                 ******************************
0765:                 ******************************
0765: BD08F7          PEEK    JSR     PAREXP
0768: 3406                    PSHS    D
076A: 3410                    PSHS    X
076C: E6F802                  LDB     [2,S]
076F: 3510                    PULS    X
0771: 3262                    LEAS    2,S
0773: 4F                      CLRA
0774: 39                      RTS
0775:                 ******************************
0775:                 ******************************
0775: BD08F7          POKE    JSR     PAREXP
0778: 3406                    PSHS    D
077A: BD0653                  JSR     SKIPSP
077D: 813D                    CMPA    #'=
077F: 2703                    BEQ     POKE05
0781: 7E054C                  JMP     ERRORS
0784: 3001            POKE05  LEAX    1,X
0786: BD083D                  JSR     EXPR
0789: BD092B                  JSR     TSTEOL
078C: 3410                    PSHS    X
078E: E7F802                  STB     [2,S]
0791: 3510                    PULS    X
0793: 3262                    LEAS    2,S
0795: 7E05F4                  JMP     ENDS02
0798:                 ******************************
0798:                 ******************************
0798: BD0653          TSTFUN  JSR     SKIPSP
079B: 9F88                    STX     CURSOR
079D: 8E07A8                  LDX     #FUNT
07A0: BD0619                  JSR     FAN00
07A3: 2502                    BCS     TSTF05
07A5: 3406                    PSHS    D
07A7: 39              TSTF05  RTS
07A8:                 ******************************
07A8:                 ******************************
07A8: 555352          FUNT    FCC     /USR/
07AB: 04                      FCB     EOL
07AC: 069C                    FDB     USER
07AE: 5045454B                FCC     /PEEK/
07B2: 04                      FCB     EOL
07B3: 0765                    FDB     PEEK
07B5: 4D454D                  FCC     /MEM/
07B8: 04                      FCB     EOL
07B9: 075A                    FDB     TSTSTK
07BB: 04                      FCB     EOL
07BC:                 ******************************
07BC:                 ******************************
07BC: 9E80            FLINE   LDX     USRBAS
07BE: 9C82            FNDLIN  CMPX    USRTOP
07C0: 2603                    BNE     FND03
07C2: 1A03                    ORCC    #$03
07C4: 39                      RTS
07C5: 10A300          FND03   CMPD    0,X
07C8: 2603                    BNE     FND05
07CA: 1CFC                    ANDCC   #$FC
07CC: 39                      RTS
07CD: 2405            FND05   BCC     FND07
07CF: 1A01                    ORCC    #$01
07D1: 1CFD                    ANDCC   #$FD
07D3: 39                      RTS
07D4: 3402            FND07   PSHS    A
07D6: 8604                    LDA     #EOL
07D8: 3001                    LEAX    1,X
07DA: 3001            FND09   LEAX    1,X
07DC: A100                    CMPA    0,X
07DE: 26FA                    BNE     FND09
07E0: 3502                    PULS    A
07E2: 3001                    LEAX    1,X
07E4: 20D8                    BRA     FNDLIN
07E6:                 ******************************
07E6:                 ******************************
07E6: 8D55            RELEXP  BSR     EXPR
07E8: 3406                    PSHS    D
07EA: 5F                      CLRB
07EB: BD0653                  JSR     SKIPSP
07EE: 813D                    CMPA    #'=
07F0: 2723                    BEQ     REL06
07F2: 813C                    CMPA    #'<
07F4: 2610                    BNE     REL03
07F6: 3001                    LEAX    1,X
07F8: 5C                      INCB
07F9: BD0653                  JSR     SKIPSP
07FC: 813E                    CMPA    #'>
07FE: 2611                    BNE     REL05
0800: 3001                    LEAX    1,X
0802: CB04                    ADDB    #4
0804: 2013                    BRA     REL07
0806: 813E            REL03   CMPA    #'>
0808: 265F                    BNE     EXPR06
080A: 3001                    LEAX    1,X
080C: CB04                    ADDB    #4
080E: BD0653                  JSR     SKIPSP
0811: 813D            REL05   CMPA    #'=
0813: 2604                    BNE     REL07
0815: 3001            REL06   LEAX    1,X
0817: CB02                    ADDB    #2
0819: 3404            REL07   PSHS    B
081B: 8D20                    BSR     EXPR
081D: 3410                    PSHS    X
081F: A363                    SUBD    3,S
0821: 1FA8                    TFR     CC,A
0823: 44                      LSRA
0824: 1F89                    TFR     A,B
0826: 48                      ASLA
0827: 48                      ASLA
0828: 3404                    PSHS    B
082A: ABE0                    ADDA    ,S+
082C: 8406                    ANDA    #$06
082E: 2601                    BNE     REL08
0830: 4C                      INCA
0831: 5F              REL08   CLRB
0832: A462                    ANDA    2,S
0834: 2701                    BEQ     REL09
0836: 53                      COMB
0837: 4F              REL09   CLRA
0838: 3510                    PULS    X
083A: 3263                    LEAS    3,S
083C: 39                      RTS
083D:                 ******************************
083D:                 ******************************
083D: 6FE2            EXPR    CLR     ,-S
083F: 6FE2                    CLR     ,-S
0841: BD0653                  JSR     SKIPSP
0844: 812D                    CMPA    #'-
0846: 2717                    BEQ     EXPR05
0848: 812B                    CMPA    #'+
084A: 2602                    BNE     EXPR03
084C: 3001            EXPR02  LEAX    1,X
084E: 8D1C            EXPR03  BSR     TERM
0850: E360            EXPR04  ADDD    0,S
0852: ED60                    STD     0,S
0854: BD0653                  JSR     SKIPSP
0857: 812B                    CMPA    #'+
0859: 27F1                    BEQ     EXPR02
085B: 812D                    CMPA    #'-
085D: 260A                    BNE     EXPR06
085F: 3001            EXPR05  LEAX    1,X
0861: 8D09                    BSR     TERM
0863: 40                      NEGA
0864: 50                      NEGB
0865: 8200                    SBCA    #0
0867: 20E7                    BRA     EXPR04
0869: 3506            EXPR06  PULS    D
086B: 39                      RTS
086C:                 ******************************
086C:                 ******************************
086C: BD08DF          TERM    JSR     FACT
086F: 3406                    PSHS    D
0871: BD0653          TERM03  JSR     SKIPSP
0874: 812A                    CMPA    #'*
0876: 2748                    BEQ     TERM07
0878: 812F                    CMPA    #'/
087A: 2703                    BEQ     TERM05
087C: 3506                    PULS    D
087E: 39                      RTS
087F: 3001            TERM05  LEAX    1,X
0881: 8D5C                    BSR     FACT
0883: 3410                    PSHS    X
0885: 3062                    LEAX    2,S
0887: 3406                    PSHS    D
0889: A800                    EORA    0,X
088B: BD091E                  JSR     ABSX
088E: 3060                    LEAX    0,S
0890: BD091E                  JSR     ABSX
0893: 3402                    PSHS    A
0895: 8611                    LDA     #17
0897: 3402                    PSHS    A
0899: 4F                      CLRA
089A: 5F                      CLRB
089B: A362            DIV05   SUBD    2,S
089D: 2406                    BCC     DIV07
089F: E362                    ADDD    2,S
08A1: 1CFE                    ANDCC   #$FE
08A3: 2002                    BRA     DIV09
08A5: 1A01            DIV07   ORCC    #$01
08A7: 6967            DIV09   ROL     7,S
08A9: 6966                    ROL     6,S
08AB: 59                      ROLB
08AC: 49                      ROLA
08AD: 6A60                    DEC     0,S
08AF: 26EA                    BNE     DIV05
08B1: A661                    LDA     1,S
08B3: 3264                    LEAS    4,S
08B5: 4D                      TSTA
08B6: 2A04                    BPL     TERM06
08B8: 3062                    LEAX    2,S
08BA: 8D66                    BSR     NEGX
08BC: 3510            TERM06  PULS    X
08BE: 20B1                    BRA     TERM03
08C0: 3001            TERM07  LEAX    1,X
08C2: 8D1B                    BSR     FACT
08C4: 3404            MULT    PSHS    B
08C6: E662                    LDB     2,S
08C8: 3D                      MUL
08C9: A661                    LDA     1,S
08CB: E761                    STB     1,S
08CD: E660                    LDB     0,S
08CF: 3D                      MUL
08D0: A662                    LDA     2,S
08D2: E762                    STB     2,S
08D4: 3504                    PULS    B
08D6: 3D                      MUL
08D7: AB60                    ADDA    0,S
08D9: AB61                    ADDA    1,S
08DB: ED60                    STD     0,S
08DD: 2092                    BRA     TERM03
08DF:                 ******************************
08DF:                 ******************************
08DF: BD0683          FACT    JSR     TSTVAR
08E2: 2509                    BCS     FACT03
08E4: 3410                    PSHS    X
08E6: 1F01                    TFR     D,X
08E8: EC00                    LDD     0,X
08EA: 3510                    PULS    X
08EC: 39              FACT02  RTS
08ED: BD06E2          FACT03  JSR     TSTNBR
08F0: 24FA                    BCC     FACT02
08F2: BD0798                  JSR     TSTFUN
08F5: 24F5                    BCC     FACT02
08F7: 8D11            PAREXP  BSR     ARGONE
08F9: 3402                    PSHS    A
08FB: BD0653                  JSR     SKIPSP
08FE: 8129                    CMPA    #')
0900: 3502                    PULS    A
0902: 2603                    BNE     FACT05
0904: 3001                    LEAX    1,X
0906: 39                      RTS
0907: 7E054C          FACT05  JMP     ERRORS
090A:                 ******************************
090A:                 ******************************
090A: BD075A          ARGONE  JSR     TSTSTK
090D: 2403                    BCC     FACT04
090F: 7E0544                  JMP     ERRORF
0912: BD0653          FACT04  JSR     SKIPSP
0915: 8128                    CMPA    #'(
0917: 26EE                    BNE     FACT05
0919: 3001                    LEAX    1,X
091B: 7E083D                  JMP     EXPR
091E:                 ******************************
091E:                 ******************************
091E: 6D00            ABSX    TST     0,X
0920: 2A08                    BPL     NEG05
0922: 6000            NEGX    NEG     0,X
0924: 6001                    NEG     1,X
0926: 2402                    BCC     NEG05
0928: 6A00                    DEC     0,X
092A: 39              NEG05   RTS
092B:                 ******************************
092B:                 ******************************
092B: 3402            TSTEOL  PSHS    A
092D: BD0653                  JSR     SKIPSP
0930: 8104                    CMPA    #EOL
0932: 2703                    BEQ     TEOL03
0934: 7E054C                  JMP     ERRORS
0937: 3001            TEOL03  LEAX    1,X
0939: 3502                    PULS    A
093B: 39                      RTS
093C:                 ******************************
093C:                 ******************************
093C: BD0683          LET     JSR     TSTVAR
093F: 2403                    BCC     LET03
0941: 7E054C                  JMP     ERRORS
0944: 3406            LET03   PSHS    D
0946: BD0653                  JSR     SKIPSP
0949: 813D                    CMPA    #'=
094B: 2703                    BEQ     LET05
094D: 7E054C                  JMP     ERRORS
0950: 3001            LET05   LEAX    1,X
0952: BD083D                  JSR     EXPR
0955: 8DD4                    BSR     TSTEOL
0957: 9F88                    STX     CURSOR
0959: 3510                    PULS    X
095B: ED00                    STD     0,X
095D: 9E88                    LDX     CURSOR
095F: 7E05F4                  JMP     ENDS02
0962:                 ******************************
0962:                 ******************************
0962: BD07E6          IF      JSR     RELEXP
0965: 5D                      TSTB
0966: 2703                    BEQ     IF03
0968: 7E0605                  JMP     MSLINE
096B: 7E05EB          IF03    JMP     REM
096E:                 ******************************
096E:                 ******************************
096E: BD083D          GOTO    JSR     EXPR
0971: 8DB8                    BSR     TSTEOL
0973: BD07BC                  JSR     FLINE
0976: 250F                    BCS     GOSB04
0978: 7E0601                  JMP     NXTLIN
097B:                 ******************************
097B:                 ******************************
097B: BD083D          GOSUB   JSR     EXPR
097E: 8DAB                    BSR     TSTEOL
0980: 9F88                    STX     CURSOR
0982: BD07BC                  JSR     FLINE
0985: 2403                    BCC     GOSB03
0987: 7E0555          GOSB04  JMP     ERRORR
098A: BD075A          GOSB03  JSR     TSTSTK
098D: 2403                    BCC     GOSB05
098F: 7E0544                  JMP     ERRORF
0992: DC88            GOSB05  LDD     CURSOR
0994: 3406                    PSHS    D
0996: DC8C                    LDD     LINENB
0998: 3406                    PSHS    D
099A: BD0601                  JSR     NXTLIN
099D: 3506                    PULS    D
099F: DD8C                    STD     LINENB
09A1: 3510                    PULS    X
09A3: 7E05F4                  JMP     ENDS02
09A6:                 ******************************
09A6:                 ******************************
09A6:                 RETURN  EQU     TSTEOL
09A6:                 ******************************
09A6:                 ******************************
09A6: BD0653          PRINT   JSR     SKIPSP
09A9: 812C            PR01    CMPA    #',
09AB: 2736                    BEQ     PR05
09AD: 813B                    CMPA    #';
09AF: 273D                    BEQ     PR07
09B1: 8104                    CMPA    #EOL
09B3: 2725                    BEQ     PR04
09B5: 8122                    CMPA    #'"
09B7: 2606                    BNE     PR02
09B9: 3001                    LEAX    1,X
09BB: 8D42                    BSR     PRNTQS
09BD: 2009                    BRA     PR03
09BF: BD083D          PR02    JSR     EXPR
09C2: 3410                    PSHS    X
09C4: 8D47                    BSR     PRNTN
09C6: 3510                    PULS    X
09C8: BD0653          PR03    JSR     SKIPSP
09CB: 812C                    CMPA    #',
09CD: 2714                    BEQ     PR05
09CF: 813B                    CMPA    #';
09D1: 271B                    BEQ     PR07
09D3: 8104                    CMPA    #EOL
09D5: 2703                    BEQ     PR04
09D7: 7E054C                  JMP     ERRORS
09DA: 3410            PR04    PSHS    X
09DC: BD0535                  JSR     CRLF
09DF: 3510                    PULS    X
09E1: 2014                    BRA     PR08
09E3: C607            PR05    LDB     #$7
09E5: 8620            PR06    LDA     #SPACE
09E7: BD0BA4                  JSR     PUTCHR
09EA: D592                    BITB    ZONE
09EC: 26F7                    BNE     PR06
09EE: 3001            PR07    LEAX    1,X
09F0: BD0653                  JSR     SKIPSP
09F3: 8104                    CMPA    #EOL
09F5: 26B2                    BNE     PR01
09F7: 3001            PR08    LEAX    1,X
09F9: 7E05F4                  JMP     ENDS02
09FC:                 *
09FC:                 *
09FC: BD0BA4          PRQ01   JSR     PUTCHR
09FF: A680            PRNTQS  LDA     ,X+
0A01: 8104                    CMPA    #EOL
0A03: 2603                    BNE     PRQ03
0A05: 7E054C                  JMP     ERRORS
0A08: 8122            PRQ03   CMPA    #'"
0A0A: 26F0                    BNE     PRQ01
0A0C: 39                      RTS
0A0D:                 *
0A0D: 4D              PRNTN   TSTA
0A0E: 2A0D                    BPL     PRN03
0A10: 40                      NEGA
0A11: 50                      NEGB
0A12: 8200                    SBCA    #0
0A14: 3402                    PSHS    A
0A16: 862D                    LDA     #'-
0A18: BD0BA4                  JSR     PUTCHR
0A1B: 3502                    PULS    A
0A1D: 8E0A4C          PRN03   LDX     #PRNPT-2
0A20: 3002            PRN05   LEAX    2,X
0A22: 10A300                  CMPD    0,X
0A25: 2405                    BCC     PRN07
0A27: 8C0A56                  CMPX    #PRNPTO
0A2A: 26F4                    BNE     PRN05
0A2C: 0F90            PRN07   CLR     CHAR
0A2E: 10A300          PRN09   CMPD    0,X
0A31: 2506                    BCS     PRN11
0A33: A300                    SUBD    0,X
0A35: 0C90                    INC     CHAR
0A37: 20F5                    BRA     PRN09
0A39: 3402            PRN11   PSHS    A
0A3B: 8630                    LDA     #'0
0A3D: 9B90                    ADDA    CHAR
0A3F: BD0BA4                  JSR     PUTCHR
0A42: 3502                    PULS    A
0A44: 8C0A56                  CMPX    #PRNPTO
0A47: 2704                    BEQ     PRN13
0A49: 3002                    LEAX    2,X
0A4B: 20DF                    BRA     PRN07
0A4D: 39              PRN13   RTS
0A4E: 2710            PRNPT   FDB     10000
0A50: 03E8                    FDB     1000
0A52: 0064                    FDB     100
0A54: 000A                    FDB     10
0A56: 0001            PRNPTO  FDB     1
0A58:                 *
0A58: 8E0A50          PRNT4   LDX     #PRNPT+2
0A5B: 20CF                    BRA     PRN07
0A5D:                 ******************************
0A5D:                 ******************************
0A5D: BD0683          INPUT   JSR     TSTVAR
0A60: 253C                    BCS     IN11
0A62: 3406                    PSHS    D
0A64: 9F88                    STX     CURSOR
0A66: 863F            IN03    LDA     #'?
0A68: BD0BA4                  JSR     PUTCHR
0A6B: BD0588                  JSR     GETLIN
0A6E: BD0653          IN05    JSR     SKIPSP
0A71: 8104                    CMPA    #EOL
0A73: 27F1                    BEQ     IN03
0A75: BD06CE                  JSR     TSTSNB
0A78: 240B                    BCC     IN07
0A7A: 8E0AB2                  LDX     #RMESS
0A7D: BD052E                  JSR     PUTSTR
0A80: BD0535                  JSR     CRLF
0A83: 20E1                    BRA     IN03
0A85: 9F8E            IN07    STX     SCRTCH
0A87: 3510                    PULS    X
0A89: ED00                    STD     0,X
0A8B: 9E88                    LDX     CURSOR
0A8D: BD0653                  JSR     SKIPSP
0A90: 812C                    CMPA    #',
0A92: 2703                    BEQ     IN09
0A94: 7E05F1                  JMP     ENDSMT
0A97: 3001            IN09    LEAX    1,X
0A99: BD0683                  JSR     TSTVAR
0A9C: 2403                    BCC     IN13
0A9E: 7E054C          IN11    JMP     ERRORS
0AA1: 3406            IN13    PSHS    D
0AA3: 3410                    PSHS    X
0AA5: 9E8E                    LDX     SCRTCH
0AA7: BD0653                  JSR     SKIPSP
0AAA: 812C                    CMPA    #',
0AAC: 26C0                    BNE     IN05
0AAE: 3001                    LEAX    1,X
0AB0: 20BC                    BRA     IN05
0AB2: 52452D454E5445  RMESS   FCC     /RE-ENTER/
0ABA: 04                      FCB     EOL
0ABB:                 ******************************
0ABB:                 ******************************
0ABB: 9E86            RUN     LDX     STKTOP
0ABD: 8634                    LDA     #52
0ABF: 6F80            RUN01   CLR     ,X+
0AC1: 4A                      DECA
0AC2: 26FB                    BNE     RUN01
0AC4: 9E80                    LDX     USRBAS
0AC6: 7E05FA                  JMP     REM05
0AC9:                 ******************************
0AC9:                 ******************************
0AC9: BD06E2          LIST    JSR     TSTNBR
0ACC: 2408                    BCC     LIST03
0ACE: 4F                      CLRA
0ACF: 5F                      CLRB
0AD0: DD88                    STD     CURSOR
0AD2: 867F                    LDA     #$7F
0AD4: 2017                    BRA     LIST07
0AD6: DD88            LIST03  STD     CURSOR
0AD8: BD0653                  JSR     SKIPSP
0ADB: 812C                    CMPA    #',
0ADD: 2704                    BEQ     LIST05
0ADF: 9688                    LDA     CURSOR
0AE1: 200A                    BRA     LIST07
0AE3: 3001            LIST05  LEAX    1,X
0AE5: BD06E2                  JSR     TSTNBR
0AE8: 2403                    BCC     LIST07
0AEA: 7E054C                  JMP     ERRORS
0AED: BD092B          LIST07  JSR     TSTEOL
0AF0: 3406                    PSHS    D
0AF2: DC88                    LDD     CURSOR
0AF4: 9F88                    STX     CURSOR
0AF6: BD07BC                  JSR     FLINE
0AF9: 9C82            LIST09  CMPX    USRTOP
0AFB: 2728                    BEQ     LIST10
0AFD: 3506                    PULS    D
0AFF: 10A300                  CMPD    0,X
0B02: 2528                    BCS     LIST11
0B04: 3406                    PSHS    D
0B06: EC81                    LDD     ,X++
0B08: 3410                    PSHS    X
0B0A: BD0A58                  JSR     PRNT4
0B0D: 3510                    PULS    X
0B0F: 8620                    LDA     #SPACE
0B11: BD0BA4                  JSR     PUTCHR
0B14: BD052E                  JSR     PUTSTR
0B17: 3001                    LEAX    1,X
0B19: 3410                    PSHS    X
0B1B: BD0535                  JSR     CRLF
0B1E: 3510                    PULS    X
0B20: BD0B96                  JSR     TSTBRK
0B23: 20D4                    BRA     LIST09
0B25: 3262            LIST10  LEAS    2,S
0B27: 8603                    LDA     #ETX
0B29: BD0BA4                  JSR     PUTCHR
0B2C: 9E88            LIST11  LDX     CURSOR
0B2E: 7E05F4                  JMP     ENDS02
0B31:                 ******************************
0B31:                 ******************************
0B31: 4C4554          VERBT   FCC     /LET/
0B34: 04                      FCB     EOL
0B35: 093C                    FDB     LET
0B37: 4946                    FCC     /IF/
0B39: 04                      FCB     EOL
0B3A: 0962                    FDB     IF
0B3C: 474F544F                FCC     /GOTO/
0B40: 04                      FCB     EOL
0B41: 096E                    FDB     GOTO
0B43: 474F535542              FCC     /GOSUB/
0B48: 04                      FCB     EOL
0B49: 097B                    FDB     GOSUB
0B4B: 52455455524E            FCC     /RETURN/
0B51: 04                      FCB     EOL
0B52: 092B                    FDB     RETURN
0B54: 504F4B45                FCC     /POKE/
0B58: 04                      FCB     EOL
0B59: 0775                    FDB     POKE
0B5B: 5052494E54              FCC     /PRINT/
0B60: 04                      FCB     EOL
0B61: 09A6                    FDB     PRINT
0B63: 494E505554              FCC     /INPUT/
0B68: 04                      FCB     EOL
0B69: 0A5D                    FDB     INPUT
0B6B: 52454D                  FCC     /REM/
0B6E: 04                      FCB     EOL
0B6F: 05EB                    FDB     REM
0B71: 53544F50                FCC     /STOP/
0B75: 04                      FCB     EOL
0B76: 0565                    FDB     END
0B78: 454E44                  FCC     /END/
0B7B: 04                      FCB     EOL
0B7C: 0565                    FDB     END
0B7E: 52554E                  FCC     /RUN/
0B81: 04                      FCB     EOL
0B82: 0ABB                    FDB     RUN
0B84: 4C495354                FCC     /LIST/
0B88: 04                      FCB     EOL
0B89: 0AC9                    FDB     LIST
0B8B: 4E4557                  FCC     /NEW/
0B8E: 04                      FCB     EOL
0B8F: 0415                    FDB     CLEAR
0B91: 3F                      FCC     /?/
0B92: 04                      FCB     EOL
0B93: 09A6                    FDB     PRINT
0B95: 04                      FCB     EOL
0B96:                 ******************************
0B96:                 ******************************
0B96: 8D2A            TSTBRK  bsr     BRKEEE  
0B98: 2709                    beq     GETC05
0B9A: 8D0D            GETCHR  bsr     INEEE
0B9C: 8103                    CMPA    #ETX
0B9E: 2603                    BNE     GETC05
0BA0: 7E055D                  JMP     BREAK
0BA3: 39              GETC05  RTS
0BA4: 0C92            PUTCHR  INC     ZONE
0BA6: 7E0BB3                  JMP     OUTEEE
0BA9:                 ******************************
0BA9:                 ******************************
0BA9: 8D17            INEEE   BSR     BRKEEE
0BAB: 27FC                    BEQ     INEEE
0BAD: B6E001                  LDA     RECEV
0BB0: 847F                    ANDA    #$7F
0BB2: 39                      RTS
0BB3: 3402            OUTEEE  PSHS    A
0BB5: B6E000          OUT01   LDA     TRCS
0BB8: 8502                    BITA    #TDRE
0BBA: 27F9                    BEQ     OUT01
0BBC: 3502                    PULS    A
0BBE: B7E001                  STA     TRANS
0BC1: 39                      RTS
0BC2: 3402            BRKEEE  PSHS    A
0BC4: B6E000          BRK03   LDA     TRCS
0BC7: 8520                    BITA    #ORFE
0BC9: 2705                    BEQ     BRK05
0BCB: B6E001                  LDA     RECEV
0BCE: 20F4                    BRA     BRK03
0BD0: 8501            BRK05   BITA    #RDRF
0BD2: 3502                    PULS    A
0BD4: 39                      RTS
0BD5:                 *
0BD5: 8603                    LDA     #CNTL1
0BD7: B7E000                  STA     RMCR
0BDA: 8615                    LDA     #CNTL2
0BDC: B7E000                  STA     TRCS
0BDF:                 INTEEE  EQU     *
0BDF: 39                      RTS
0BE0:                 
0BE0:                 
0BE0:                 
0BE0:                 ******************************
0BE0:                 ******************************
0BE0:                         END
0 Pass 2 errors.

SYMBOL TABLE
      ABSX 02 091e      ACIA 00 e000    ARGONE 02 090a     BASIC 02 0400
      BELL 00 0007     BREAK 02 055d     BRK03 02 0bc4     BRK05 02 0bd0
    BRKEEE 02 0bc2        BS 00 0008     BSIZE 00 0049    BUFFER 00 4000
       CAN 00 0018      CHAR 02 0090     CLEAR 02 0415     CLR02 02 041c
     CMD01 02 0441     CMD02 02 0457     CMD03 02 0464     CMD04 02 0469
     CMD05 02 0476      CMDB 02 0427      CMDE 02 0433     CNTL1 00 0003
     CNTL2 00 0015        CR 00 000d      CRLF 02 0535    CRLFST 02 053d
    CURSOR 02 0088       DEL 00 007f     DIV05 02 089b     DIV07 02 08a5
     DIV09 02 08a7      ED00 02 0498      ED01 02 049a      ED02 02 04a5
      ED03 02 04ab      ED04 02 04c3      ED05 02 04c7      ED06 02 04d8
      ED07 02 04fc      ED08 02 04fe      ED09 02 0510      ED10 02 0518
      ED35 02 04bd      ED55 02 04d4    EDITOR 02 0484       END 02 0565
    ENDS02 02 05f4    ENDSMT 02 05f1       EOL 00 0004      ER01 02 056c
    ERRORF 02 0544    ERRORR 02 0555    ERRORS 02 054c       ETX 00 0003
      EXPR 02 083d    EXPR02 02 084c    EXPR03 02 084e    EXPR04 02 0850
    EXPR05 02 085f    EXPR06 02 0869      FACT 02 08df    FACT02 02 08ec
    FACT03 02 08ed    FACT04 02 0912    FACT05 02 0907     FAN00 02 0619
     FAN04 02 0624     FAN05 02 062a     FAN07 02 0645     FAN08 02 0647
      FILL 00 0000     FLINE 02 07bc     FND03 02 07c5     FND05 02 07cd
     FND07 02 07d4     FND09 02 07da    FNDLIN 02 07be      FUNT 02 07a8
    GETC05 02 0ba3    GETCHR 02 0b9a    GETLIN 02 0588      GL00 02 0586
      GL02 02 05a1      GL03 02 058b      GL04 02 059f      GL05 02 05a6
      GL06 02 05bf      GL07 02 05ce      GL08 02 05c6      GL09 02 05e3
    GOSB03 02 098a    GOSB04 02 0987    GOSB05 02 0992     GOSUB 02 097b
      GOTO 02 096e        IF 02 0962      IF03 02 096b      IFAN 02 0612
    IMPLET 02 060f      IN03 02 0a66      IN05 02 0a6e      IN07 02 0a85
      IN09 02 0a97      IN11 02 0a9e      IN13 02 0aa1     INEEE 02 0ba9
     INPUT 02 0a5d    INTEEE 02 0bdf       LET 02 093c     LET03 02 0944
     LET05 02 0950        LF 00 000a    LINENB 02 008c      LIST 02 0ac9
    LIST03 02 0ad6    LIST05 02 0ae3    LIST07 02 0aed    LIST09 02 0af9
    LIST10 02 0b25    LIST11 02 0b2c     LOEND 02 0095     LORAM 00 0080
      MODE 02 0093    MSLINE 02 0605      MULT 02 08c4     NEG05 02 092a
      NEGX 02 0922    NXTLIN 02 0601    NXTNSP 02 0651      ORFE 00 0020
     OUT01 02 0bb5    OUTEEE 02 0bb3    PAREXP 02 08f7      PEEK 02 0765
      POKE 02 0775    POKE05 02 0784      PR01 02 09a9      PR02 02 09bf
      PR03 02 09c8      PR04 02 09da      PR05 02 09e3      PR06 02 09e5
      PR07 02 09ee      PR08 02 09f7     PRINT 02 09a6     PRN03 02 0a1d
     PRN05 02 0a20     PRN07 02 0a2c     PRN09 02 0a2e     PRN11 02 0a39
     PRN13 02 0a4d     PRNPT 02 0a4e    PRNPTO 02 0a56     PRNT4 02 0a58
     PRNTN 02 0a0d    PRNTQS 02 09ff     PRQ01 02 09fc     PRQ03 02 0a08
    PUTCHR 02 0ba4    PUTS01 02 0529    PUTSTR 02 052e    RAMBEG 00 4049
    RAMEND 00 6000    RAMPAT 00 aa0f    RAMSIZ 00 2000      RDRF 00 0001
     RECEV 00 e001     REL03 02 0806     REL05 02 0811     REL06 02 0815
     REL07 02 0819     REL08 02 0831     REL09 02 0837    RELEXP 02 07e6
       REM 02 05eb     REM00 02 05e9     REM05 02 05fa     REM09 02 060e
    RESRVD 02 0094    RETURN 02 092b      RMCR 00 e000     RMESS 02 0ab2
    ROMADR 00 0400    ROMPAT 00 f055       RUN 02 0abb     RUN01 02 0abf
    SAVESP 02 008a    SCRTCH 02 008e     SET03 02 040f     SETUP 02 040b
    SKIPSP 02 0653     SPACE 00 0020    STKCUS 00 0030    STKLIM 02 0084
    STKTOP 02 0086      TDRE 00 0002    TEOL03 02 0937      TERM 02 086c
    TERM03 02 0871    TERM05 02 087f    TERM06 02 08bc    TERM07 02 08c0
     TRANS 00 e001      TRCS 00 e000     TSN02 02 06e1     TST03 02 0673
     TST05 02 0680    TSTBRK 02 0b96    TSTDIG 02 0676    TSTEOL 02 092b
    TSTF05 02 07a7    TSTFUN 02 0798    TSTHEX 02 065a    TSTLTR 02 066b
    TSTN02 02 0719    TSTN03 02 071f    TSTN07 02 074c    TSTN09 02 0750
    TSTN11 02 0753    TSTN20 02 06f0    TSTN23 02 06f6    TSTNBR 02 06e2
    TSTSNB 02 06ce    TSTSTK 02 075a    TSTV02 02 0699    TSTV03 02 069b
    TSTVAR 02 0683      USER 02 069c    USER02 02 06ae    USER03 02 06b1
    USER05 02 06c3    USRBAS 02 0080    USRTOP 02 0082     VERBT 02 0b31
      VSTR 02 0479     WARMS 02 0403     WMS05 02 041e      ZONE 02 0092
