0000:                         ;6809 Benchmark program.
0000:                 
0000:                         org $400
0400:                 
0400: 10CE8000                lds #$8000      
0404:                 
0404: C661                    ldb #'a'
0406: BD043A                  jsr outc        
0409: DC2B                    ldd $2b
040B: DD80                    std $80 ;Save old timer value.
040D:                         
040D: 108E0000                ldy #0
0411: 8E043E          loop    ldx #data
0414: 8614                    lda #(enddata-data)
0416: 5F                      clrb    
0417: EB80            loop2:  addb ,x+
0419: 4A                      deca
041A: 26FB                    bne loop2
041C: C1D2                    cmpb #210
041E: 10260010                lbne error              
0422: 313F                    leay -1,y
0424: 26EB                    bne loop
0426:                 
0426: C662                    ldb #'b'
0428: BD043A                  jsr outc
042B: DC2B                    ldd $2b
042D: 9380                    subd $80 ;Hold timer difference in D.
042F: 7E043D                  jmp realexit 
0432:                 
0432: C665            error   ldb #'e'
0434: BD043A                  jsr outc
0437: 7E043D                  jmp realexit
043A:                 
043A: 9D03            outc    jsr 3
043C: 39                      rts
043D:                 
043D: 3F              realexit swi
043E:                 
043E: 01020304050607  data    fcb 1,2,3,4,5,6,7,8,9,10
0448: 0B0C0D0E0F1011          fcb 11,12,13,14,15,16,17,18,19,20
0452:                 enddata
0452:                   
0452:                         end
0 Pass 2 errors.

SYMBOL TABLE
      DATA 02 043e   ENDDATA 02 0452     ERROR 02 0432      LOOP 02 0411
     LOOP2 02 0417      OUTC 02 043a  REALEXIT 02 043d
