0000:                         ; 6809 Test program.
0000:                 
0000:                 testnr  equ 128
0000:                 
0000:                         org $400
0400: 7E045A                  jmp entry
0403: 8E0412          error  ldx #errmsg
0406: 8D14                    bsr outs
0408: 9680                    lda testnr
040A: 8D24                    bsr outa
040C: 8E0419                  ldx #newline
040F: 8D0B                    bsr outs
0411: 3F                      swi
0412:                 
0412: 4552524F522000  errmsg fcb "ERROR ",0
0419: 0D0A00          newline fcb 13,10,0
041C: E680            outs    ldb ,x+
041E: 2704                    beq done1
0420: 9D03                    jsr 3
0422: 20F8                    bra outs
0424: 39              done1   rts
0425: CB30            outdig  addb # 48
0427: C139                    cmpb # 57
0429: 2302                    bls  od2
042B: CB07                    addb #7
042D: 9D03            od2     jsr 3
042F: 39                      rts
0430: 1F89            outa    tfr a,b
0432: 54                      lsrb
0433: 54                      lsrb
0434: 54                      lsrb
0435: 54                      lsrb
0436: 8DED                    bsr outdig
0438: 1F89                    tfr a,b
043A: C40F                    andb # 15
043C: 20E7                    bra outdig
043E: 50415353454420  passmsg  fcb "PASSED ",0
0446: 8E043E          good    ldx #passmsg
0449: BD041C                  jsr outs
044C: 9680                    lda testnr
044E: BD0430                  jsr outa
0451: 8E0419                  ldx #newline
0454: BD041C                  jsr outs
0457: 0C80                    inc testnr
0459: 39                      rts
045A:                 
045A: 0F80            entry   clr testnr
045C: BD0446                  jsr good          ;test #0, does it print msg?
045F: 1C00                    andcc #0          ;test #1, conditional (long) branches
0461: 1029FF9E                lbvs error        ;         andcc, orcc
0465: 1025FF9A                lbcs error
0469: 1027FF96                lbeq error
046D: 102BFF92                lbmi error
0471: 1023FF8E                lbls error
0475: 102DFF8A                lblt error
0479: 102FFF86                lble error
047D: 1021FF82                lbrn error
0481: 2912                    bvs errt1
0483: 2510                    bcs errt1
0485: 270E                    beq errt1
0487: 2B0C                    bmi errt1
0489: 230A                    bls errt1
048B: 2D08                    blt errt1
048D: 2F06                    ble errt1
048F: 2104                    brn errt1
0491: 10280003                lbvc goot1
0495: 7E0403          errt1   jmp error
0498: 10240003        goot1   lbcc goot2
049C: 7E0403                  jmp error
049F: 10260003        goot2   lbne goot3
04A3: 7E0403                  jmp error
04A6: 102A0003        goot3   lbpl goot4
04AA: 7E0403                  jmp error
04AD: 10220003        goot4   lbhi goot5
04B1: 7E0403                  jmp error
04B4: 102C0003        goot5   lbge goot6
04B8: 7E0403                  jmp error
04BB: 102E0003        goot6   lbgt goot7
04BF: 7E0403                  jmp error
04C2: 160003          goot7   lbra goot8
04C5: 7E0403                  jmp error
04C8: 2803            goot8   bvc goot9
04CA: 7E0403                  jmp error
04CD: 2403            goot9   bcc goot10
04CF: 7E0403                  jmp error
04D2: 2603            goot10  bne goot11
04D4: 7E0403                  jmp error
04D7: 2A03            goot11  bpl goot12
04D9: 7E0403                  jmp error
04DC: 2203            goot12  bhi goot13
04DE: 7E0403                  jmp error
04E1: 2C03            goot13  bge goot14
04E3: 7E0403                  jmp error
04E6: 2E03            goot14  bgt goot15
04E8: 7E0403                  jmp error
04EB: 2003            goot15  bra goot16
04ED: 7E0403                  jmp error
04F0: 1FA8            goot16  tfr cc,a
04F2: 4D                      tsta
04F3: 1026FF0C                lbne error
04F7: 1C00                    andcc #0
04F9: 1A01                    orcc #1
04FB: 1024FF04                lbcc error
04FF: 1027FF00                lbeq error
0503: 1029FEFC                lbvs error
0507: 102BFEF8                lbmi error
050B: 1A02                    orcc #2
050D: 1028FEF2                lbvc error
0511: 1027FEEE                lbeq error
0515: 102BFEEA                lbmi error
0519: 1A04                    orcc #4
051B: 1026FEE4                lbne error
051F: 102BFEE0                lbmi error
0523: 1A08                    orcc #8
0525: 102AFEDA                lbpl error
0529: 1FA8                    tfr cc,a
052B: 810F                    cmpa #15
052D: 1026FED2                lbne error
0531: 1A0F                    orcc #15
0533: 1AF0                    orcc #240
0535: 1FA8                    tfr cc,a
0537: 4C                      inca
0538: 1026FEC7                lbne error
053C: 1AFF                    orcc #255
053E: 1CAA                    andcc #$aa
0540: 1FA8                    tfr cc,a
0542: 81AA                    cmpa #$aa
0544: 1026FEBB                lbne error
0548: BD0446                  jsr good
054B:                 
054B: 10CE8000                lds #$8000       ; test #2: registers and their values, tfr, exg
054F: 8628                    lda #$28
0551: C67F                    ldb #$7f
0553: CE0D59                  ldu #3417
0556: 8E08AD                  ldx #2221
0559: 108E40AB                ldy #16555
055D: 8128                    cmpa #$28
055F: 1026FEA0                lbne error
0563: C17F                    cmpb #$7f
0565: 1026FE9A                lbne error
0569: 1083287F                cmpd #$287f
056D: 1026FE92                lbne error
0571: 8C08AD                  cmpx #2221
0574: 1026FE8B                lbne error
0578: 108C000D                cmpy #13
057C: 1027FE83                lbeq error
0580: 108C40AB                cmpy #16555
0584: 1026FE7B                lbne error
0588: 11830D59                cmpu #3417
058C: 1026FE73                lbne error
0590: 118C8000                cmps #$8000
0594: 1026FE6B                lbne error
0598: 1E12                    exg x,y
059A: 8C40AB                  cmpx #16555
059D: 1026FE62                lbne error
05A1: 108C08AD                cmpy #2221
05A5: 1026FE5A                lbne error
05A9: 1E10                    exg x,d
05AB: 108340AB                cmpd #16555
05AF: 1026FE50                lbne error
05B3: 8C287F                  cmpx #$287f
05B6: 1026FE49                lbne error
05BA: 108C08AD                cmpy #2221
05BE: 1026FE41                lbne error
05C2: 1E10                    exg x,d
05C4: 1E8B                    exg a,dp
05C6: 4D                      tsta
05C7: 1026FE38                lbne error
05CB: 1E8B                    exg a,dp
05CD: 1E89                    exg a,b
05CF: 817F                    cmpa #$7f
05D1: 1026FE2E                lbne error
05D5: C128                    cmpb #$28
05D7: 1026FE28                lbne error
05DB: 1F98                    tfr b,a
05DD: C128                    cmpb #$28
05DF: 1026FE20                lbne error
05E3: 8128                    cmpa #$28
05E5: 1026FE1A                lbne error
05E9: 1F31                    tfr u,x
05EB: 11830D59                cmpu #3417
05EF: 1026FE10                lbne error
05F3: 8C0D59                  cmpx #3417
05F6: 1026FE09                lbne error
05FA: 1F51                    tfr pc,x
05FC: 8C05FC          here    cmpx #here
05FF: 1026FE00                lbne error
0603: 1F34                    tfr u,s
0605: 118C0D59                cmps #3417
0609: 1026FDF6                lbne error
060D: 10CE8000                lds #$8000
0611: 4F                      clra
0612: 1F9A                    tfr b,cc
0614: 1FA8                    tfr cc,a
0616: 8128                    cmpa #$28
0618: 1026FDE7                lbne error
061C: BD0446                  jsr good
061F:                 
061F: 8680                    lda #128       ;Arithmetic and their status.
0621: 8BFF                    adda #255
0623: 1024FDDC                lbcc error
0627: 1028FDD8                lbvc error
062B: 102BFDD4                lbmi error
062F: 817F                    cmpa #127
0631: 1026FDCE                lbne error
0635: 8600                    lda #0
0637: 8BFF                    adda #255
0639: 1025FDC6                lbcs error
063D: 1029FDC2                lbvs error
0641: 102AFDBE                lbpl error
0645: 81FF                    cmpa #255
0647: 1026FDB8                lbne error
064B: 1A01                    orcc #1
064D: 86FF                    lda #255
064F: 8900                    adca #0
0651: 1026FDAE                lbne error
0655: 102BFDAA                lbmi error
0659: 1024FDA6                lbcc error
065D: 86D8                    lda #216
065F: 8B28                    adda #40
0661:                 
0661:                 
0661:                 
0661:                 
0661: 1026FD9E                lbne error
0665: 8650                    lda #80
0667: 8B28                    adda #40
0669: 1025FD96                lbcs error
066D: 1029FD92                lbvs error
0671: 8178                    cmpa #120
0673: 1026FD8C                lbne error
0677: 1A01                    orcc #1
0679: 8650                    lda #80
067B: 8928                    adca #40
067D: 1025FD82                lbcs error
0681: 1029FD7E                lbvs error
0685: 8179                    cmpa #121
0687: 1026FD78                lbne error
068B: 1CFE                    andcc #254
068D: C650                    ldb #80
068F: C928                    adcb #40
0691: 1025FD6E                lbcs error
0695: 1029FD6A                lbvs error
0699: C178                    cmpb #120
069B: 1026FD64                lbne error
069F: C650                    ldb #80
06A1: C078                    subb #120
06A3: 1024FD5C                lbcc error
06A7: 1029FD58                lbvs error
06AB: C1D8                    cmpb #216
06AD: 1026FD52                lbne error
06B1: 1CFE                    andcc #254
06B3: 868C                    lda #140
06B5: 8214                    sbca #20
06B7: 1028FD48                lbvc error
06BB: 1025FD44                lbcs error
06BF: 8178                    cmpa #120
06C1: 1026FD3E                lbne error
06C5: 1A01                    orcc #1
06C7: 868C                    lda #140
06C9: 8214                    sbca #20
06CB: 1028FD34                lbvc error
06CF: 1025FD30                lbcs error
06D3: 8177                    cmpa #119
06D5: 1026FD2A                lbne error
06D9: CC9C40                  ldd #40000
06DC: 834E20                  subd #20000
06DF: 1028FD20                lbvc error
06E3: 1025FD1C                lbcs error
06E7: 10834E20                cmpd #20000
06EB: 1026FD14                lbne error
06EF: CC4E20                  ldd #20000
06F2: 839C40                  subd #40000
06F5: 1028FD0A                lbvc error
06F9: 1024FD06                lbcc error
06FD: 1083B1E0                cmpd #-20000
0701: 1026FCFE                lbne error
0705: CC7530                  ldd #30000
0708: C3B1E0                  addd #-20000
070B: 1024FCF4                lbcc error
070F: 1029FCF0                lbvs error
0713: 10832710                cmpd #10000
0717: 1026FCE8                lbne error
071B: BD0446                  jsr good
071E:                 
071E: 8623                    lda #$23      ;Test #4 decimal arithmetic.
0720: 8B34                    adda #$34
0722: 19                      daa
0723: 1025FCDC                lbcs error
0727: 8157                    cmpa #$57
0729: 1026FCD6                lbne error
072D: 1A01                    orcc #1
072F: 8619                    lda #$19
0731: 8929                    adca #$29
0733: 19                      daa
0734: 1025FCCB                lbcs error
0738: 8149                    cmpa #$49
073A: 1026FCC5                lbne error
073E: 8692                    lda #$92
0740: 8B08                    adda #$8
0742: 19                      daa
0743: 1024FCBC                lbcc error
0747: 8100                    cmpa #$00
0749: BD0446                  jsr good
074C:                 
074C: 8680                    lda #128       ;Test#5  MUL and SEX
074E: C602                    ldb #2
0750: 3D                      mul
0751: 1027FCAE                lbeq error
0755: 1025FCAA                lbcs error
0759: 10830100                cmpd #256
075D: 1026FCA2                lbne error
0761: 8600                    lda #0
0763: C617                    ldb #23
0765: 3D                      mul
0766: 1026FC99                lbne error
076A: 1025FC95                lbcs error
076E: 10830000                cmpd #0
0772: 1026FC8D                lbne error
0776: 860A                    lda #10
0778: C614                    ldb #20
077A: 3D                      mul
077B: 1024FC84                lbcc error
077F: 108300C8                cmpd #200
0783: 1026FC7C                lbne error
0787: 8664                    lda #100
0789: C631                    ldb #49
078B: 3D                      mul
078C: 10831324                cmpd #4900
0790: 1026FC6F                lbne error
0794: 5F                      clrb
0795: 1D                      sex
0796: 10830000                cmpd #0
079A: 1026FC65                lbne error
079E: C680                    ldb #128
07A0: 1D                      sex
07A1: 1083FF80                cmpd #-128
07A5: 1026FC5A                lbne error
07A9: C632                    ldb #50
07AB: 1D                      sex
07AC: 10830032                cmpd #50
07B0: 1026FC4F                lbne error
07B4: BD0446                  jsr good
07B7:                 
07B7: 8655                    lda #$55    ; Test #6 Shifts and rotates.
07B9: 48                      asla
07BA: 1025FC45                lbcs error
07BE: 81AA                    cmpa #$aa
07C0: 1026FC3F                lbne error
07C4: 48                      asla
07C5: 1024FC3A                lbcc error
07C9: 8154                    cmpa #$54
07CB: 1026FC34                lbne error
07CF: 8600                    lda #$0
07D1: 1CFE                    andcc #254
07D3: 49                      rola
07D4: 1026FC2B                lbne error
07D8: 1A01                    orcc #1
07DA: 49                      rola
07DB: 4A                      deca
07DC: 1026FC23                lbne error
07E0: 1CFE                    andcc #254
07E2: 46                      rora
07E3: 1026FC1C                lbne error
07E7: 1A01                    orcc #1
07E9: 46                      rora
07EA: 8180                    cmpa #128
07EC: 1026FC13                lbne error
07F0: 47                      asra
07F1: 81C0                    cmpa #192
07F3: 1026FC0C                lbne error
07F7: 44                      lsra
07F8: 8160                    cmpa #96
07FA: 1026FC05                lbne error
07FE: C636                    ldb # 54
0800: 58                      aslb
0801: C16C                    cmpb # 108
0803: 1026FBFC                lbne error
0807: BD0446                  jsr good
080A:                 
080A: 1A0F                    orcc #15          ; Test #7 INC, DEC and NEG
080C: 8621                    lda # 33
080E: 4C                      inca
080F: 1027FBF0                lbeq error
0813: 1029FBEC                lbvs error
0817: 1024FBE8                lbcc error
081B: 102BFBE4                lbmi error
081F: 4A                      deca
0820: 1027FBDF                lbeq error
0824: 1029FBDB                lbvs error
0828: 1024FBD7                lbcc error
082C: 102BFBD3                lbmi error
0830: 4F                      clra
0831: 1CFE                    andcc #254
0833: 4A                      deca
0834: 1025FBCB                lbcs error
0838: 102AFBC7                lbpl error
083C: 4C                      inca
083D: 1026FBC2                lbne error
0841: C67E                    ldb #126
0843: 50                      negb
0844: 1029FBBB                lbvs error
0848: 1024FBB7                lbcc error
084C: C182                    cmpb #130
084E: 1026FBB1                lbne error
0852: 5A                      decb
0853: 5A                      decb
0854: 50                      negb
0855: 1028FBAA                lbvc error
0859: C180                    cmpb #128
085B: 1026FBA4                lbne error
085F: 5F                      clrb
0860: 50                      negb
0861: 1025FB9E                lbcs error
0865: 1026FB9A                lbne error
0869: BD0446                  jsr good
086C:                 
086C:                         ;test #8 Addessing modes.       
086C: 8E08EA                  ldx #testdat+4
086F: A684                    lda ,x
0871: 8105                    cmpa #5
0873: 1026FB8C                lbne error 
0877: A680                    lda ,x+
0879: 8105                    cmpa #5
087B: 1026FB84                lbne error
087F: 8C08EB                  cmpx #testdat+5
0882: 1026FB7D                lbne error
0886: EC81                    ldd ,x++
0888: 10830607                cmpd #6*256+7
088C: 1026FB73                lbne error
0890: 8C08ED                  cmpx #testdat+7
0893: 1026FB6C                lbne error
0897: 8E08EA                  ldx #testdat+4
089A: A682                    lda ,-x
089C: 8104                    cmpa #4
089E: 1026FB61                lbne error
08A2: 8C08E9                  cmpx #testdat+3
08A5: 1026FB5A                lbne error
08A9: EC83                    ldd ,--x
08AB: 10830203                cmpd #2*256+3
08AF: 1026FB50                lbne error
08B3: 8C08E7                  cmpx #testdat+1
08B6: 1026FB49                lbne error
08BA: 8E08EA                  ldx #testdat+4
08BD: A61E                    lda -2,x
08BF: 8103                    cmpa #3
08C1: 1026FB3E                lbne error
08C5: A602                    lda 2,x
08C7: 8107                    cmpa #7
08C9: 1026FB36                lbne error
08CD: 8E08F0                  ldx #td1
08D0: EC94                    ldd [,x]
08D2: 10830304                cmpd #3*256+4
08D6: 1026FB29                lbne error
08DA: 8C08F0                  cmpx #td1
08DD: 1026FB22                lbne error
08E1: BD0446                  jsr good                        
08E4: 200C                    bra next1
08E6: 01020304050607  testdat fcb 1,2,3,4,5,6,7,8,9,10
08F0: 08E8            td1     fdb testdat+2
08F2:                 next1   
08F2:                 
08F2: 3F                      swi
08F3:                         end 
0 Pass 2 errors.

SYMBOL TABLE
     DONE1 02 0424     ENTRY 02 045a    ERRMSG 02 0412     ERROR 02 0403
     ERRT1 02 0495      GOOD 02 0446     GOOT1 02 0498    GOOT10 02 04d2
    GOOT11 02 04d7    GOOT12 02 04dc    GOOT13 02 04e1    GOOT14 02 04e6
    GOOT15 02 04eb    GOOT16 02 04f0     GOOT2 02 049f     GOOT3 02 04a6
     GOOT4 02 04ad     GOOT5 02 04b4     GOOT6 02 04bb     GOOT7 02 04c2
     GOOT8 02 04c8     GOOT9 02 04cd      HERE 02 05fc   NEWLINE 02 0419
     NEXT1 02 08f2       OD2 02 042d      OUTA 02 0430    OUTDIG 02 0425
      OUTS 02 041c   PASSMSG 02 043e       TD1 02 08f0   TESTDAT 02 08e6
    TESTNR 00 0080
